[    0.000000] Linux version 4.15.0-30-generic (buildd@lgw01-amd64-060) (gcc version 7.3.0 (Ubuntu 7.3.0-16ubuntu3)) #32-Ubuntu SMP Thu Jul 26 17:42:43 UTC 2018 (Ubuntu 4.15.0-30.32-generic 4.15.18)
[    0.000000] Command line: BOOT_IMAGE=/boot/vmlinuz-4.15.0-30-generic root=UUID=4c388bae-ea47-4665-9a1a-99ab19f1ad0b ro console=tty1 console=ttyS0
[    0.000000] KERNEL supported cpus:
[    0.000000]   Intel GenuineIntel
[    0.000000]   AMD AuthenticAMD
[    0.000000]   Centaur CentaurHauls
[    0.000000] x86/fpu: Supporting XSAVE feature 0x001: 'x87 floating point registers'
[    0.000000] x86/fpu: Supporting XSAVE feature 0x002: 'SSE registers'
[    0.000000] x86/fpu: Supporting XSAVE feature 0x004: 'AVX registers'
[    0.000000] x86/fpu: xstate_offset[2]:  576, xstate_sizes[2]:  256
[    0.000000] x86/fpu: Enabled xstate features 0x7, context size is 832 bytes, using 'standard' format.
[    0.000000] e820: BIOS-provided physical RAM map:
[    0.000000] BIOS-e820: [mem 0x0000000000000000-0x000000000009fbff] usable
[    0.000000] BIOS-e820: [mem 0x000000000009fc00-0x000000000009ffff] reserved
[    0.000000] BIOS-e820: [mem 0x00000000000f0000-0x00000000000fffff] reserved
[    0.000000] BIOS-e820: [mem 0x0000000000100000-0x00000000dffeffff] usable
[    0.000000] BIOS-e820: [mem 0x00000000dfff0000-0x00000000dfffffff] ACPI data
[    0.000000] BIOS-e820: [mem 0x00000000fec00000-0x00000000fec00fff] reserved
[    0.000000] BIOS-e820: [mem 0x00000000fee00000-0x00000000fee00fff] reserved
[    0.000000] BIOS-e820: [mem 0x00000000fffc0000-0x00000000ffffffff] reserved
[    0.000000] BIOS-e820: [mem 0x0000000100000000-0x000000011fbfffff] usable
[    0.000000] NX (Execute Disable) protection: active
[    0.000000] SMBIOS 2.5 present.
[    0.000000] DMI: innotek GmbH VirtualBox/VirtualBox, BIOS VirtualBox 12/01/2006
[    0.000000] Hypervisor detected: KVM
[    0.000000] e820: last_pfn = 0x11fc00 max_arch_pfn = 0x400000000
[    0.000000] MTRR: Disabled
[    0.000000] x86/PAT: MTRRs disabled, skipping PAT initialization too.
[    0.000000] CPU MTRRs all blank - virtualized system.
[    0.000000] x86/PAT: Configuration [0-7]: WB  WT  UC- UC  WB  WT  UC- UC  
[    0.000000] e820: last_pfn = 0xdfff0 max_arch_pfn = 0x400000000
[    0.000000] found SMP MP-table at [mem 0x0009fff0-0x0009ffff] mapped at [        (ptrval)]
[    0.000000] Scanning 1 areas for low memory corruption
[    0.000000] RAMDISK: [mem 0x35239000-0x36913fff]
[    0.000000] ACPI: Early table checksum verification disabled
[    0.000000] ACPI: RSDP 0x00000000000E0000 000024 (v02 VBOX  )
[    0.000000] ACPI: XSDT 0x00000000DFFF0030 00003C (v01 VBOX   VBOXXSDT 00000001 ASL  00000061)
[    0.000000] ACPI: FACP 0x00000000DFFF00F0 0000F4 (v04 VBOX   VBOXFACP 00000001 ASL  00000061)
[    0.000000] ACPI: DSDT 0x00000000DFFF0470 0021FF (v02 VBOX   VBOXBIOS 00000002 INTL 20100528)
[    0.000000] ACPI: FACS 0x00000000DFFF0200 000040
[    0.000000] ACPI: FACS 0x00000000DFFF0200 000040
[    0.000000] ACPI: APIC 0x00000000DFFF0240 000054 (v02 VBOX   VBOXAPIC 00000001 ASL  00000061)
[    0.000000] ACPI: SSDT 0x00000000DFFF02A0 0001CC (v01 VBOX   VBOXCPUT 00000002 INTL 20100528)
[    0.000000] No NUMA configuration found
[    0.000000] Faking a node at [mem 0x0000000000000000-0x000000011fbfffff]
[    0.000000] NODE_DATA(0) allocated [mem 0x11fbd5000-0x11fbfffff]
[    0.000000] kvm-clock: cpu 0, msr 1:1fb54001, primary cpu clock
[    0.000000] kvm-clock: Using msrs 4b564d01 and 4b564d00
[    0.000000] kvm-clock: using sched offset of 3644808435 cycles
[    0.000000] clocksource: kvm-clock: mask: 0xffffffffffffffff max_cycles: 0x1cd42e4dffb, max_idle_ns: 881590591483 ns
[    0.000000] Zone ranges:
[    0.000000]   DMA      [mem 0x0000000000001000-0x0000000000ffffff]
[    0.000000]   DMA32    [mem 0x0000000001000000-0x00000000ffffffff]
[    0.000000]   Normal   [mem 0x0000000100000000-0x000000011fbfffff]
[    0.000000]   Device   empty
[    0.000000] Movable zone start for each node
[    0.000000] Early memory node ranges
[    0.000000]   node   0: [mem 0x0000000000001000-0x000000000009efff]
[    0.000000]   node   0: [mem 0x0000000000100000-0x00000000dffeffff]
[    0.000000]   node   0: [mem 0x0000000100000000-0x000000011fbfffff]
[    0.000000] Initmem setup node 0 [mem 0x0000000000001000-0x000000011fbfffff]
[    0.000000] Reserved but unavailable: 98 pages
[    0.000000] ACPI: PM-Timer IO Port: 0x4008
[    0.000000] IOAPIC[0]: apic_id 1, version 32, address 0xfec00000, GSI 0-23
[    0.000000] ACPI: INT_SRC_OVR (bus 0 bus_irq 0 global_irq 2 dfl dfl)
[    0.000000] ACPI: INT_SRC_OVR (bus 0 bus_irq 9 global_irq 9 low level)
[    0.000000] Using ACPI (MADT) for SMP configuration information
[    0.000000] smpboot: Allowing 1 CPUs, 0 hotplug CPUs
[    0.000000] PM: Registered nosave memory: [mem 0x00000000-0x00000fff]
[    0.000000] PM: Registered nosave memory: [mem 0x0009f000-0x0009ffff]
[    0.000000] PM: Registered nosave memory: [mem 0x000a0000-0x000effff]
[    0.000000] PM: Registered nosave memory: [mem 0x000f0000-0x000fffff]
[    0.000000] PM: Registered nosave memory: [mem 0xdfff0000-0xdfffffff]
[    0.000000] PM: Registered nosave memory: [mem 0xe0000000-0xfebfffff]
[    0.000000] PM: Registered nosave memory: [mem 0xfec00000-0xfec00fff]
[    0.000000] PM: Registered nosave memory: [mem 0xfec01000-0xfedfffff]
[    0.000000] PM: Registered nosave memory: [mem 0xfee00000-0xfee00fff]
[    0.000000] PM: Registered nosave memory: [mem 0xfee01000-0xfffbffff]
[    0.000000] PM: Registered nosave memory: [mem 0xfffc0000-0xffffffff]
[    0.000000] e820: [mem 0xe0000000-0xfebfffff] available for PCI devices
[    0.000000] Booting paravirtualized kernel on KVM
[    0.000000] clocksource: refined-jiffies: mask: 0xffffffff max_cycles: 0xffffffff, max_idle_ns: 7645519600211568 ns
[    0.000000] random: get_random_bytes called from start_kernel+0x99/0x4fd with crng_init=0
[    0.000000] setup_percpu: NR_CPUS:8192 nr_cpumask_bits:1 nr_cpu_ids:1 nr_node_ids:1
[    0.000000] percpu: Embedded 46 pages/cpu @        (ptrval) s151552 r8192 d28672 u2097152
[    0.000000] PV qspinlock hash table entries: 256 (order: 0, 4096 bytes)
[    0.000000] Built 1 zonelists, mobility grouping on.  Total pages: 1031049
[    0.000000] Policy zone: Normal
[    0.000000] Kernel command line: BOOT_IMAGE=/boot/vmlinuz-4.15.0-30-generic root=UUID=4c388bae-ea47-4665-9a1a-99ab19f1ad0b ro console=tty1 console=ttyS0
[    0.000000] Memory: 4005892K/4189752K available (12300K kernel code, 2470K rwdata, 4240K rodata, 2408K init, 2416K bss, 183860K reserved, 0K cma-reserved)
[    0.000000] SLUB: HWalign=64, Order=0-3, MinObjects=0, CPUs=1, Nodes=1
[    0.000000] Kernel/User page tables isolation: enabled
[    0.000000] ftrace: allocating 39093 entries in 153 pages
[    0.004000] Hierarchical RCU implementation.
[    0.004000] 	RCU restricting CPUs from NR_CPUS=8192 to nr_cpu_ids=1.
[    0.004000] 	Tasks RCU enabled.
[    0.004000] RCU: Adjusting geometry for rcu_fanout_leaf=16, nr_cpu_ids=1
[    0.004000] NR_IRQS: 524544, nr_irqs: 256, preallocated irqs: 16
[    0.004000] Console: colour VGA+ 80x25
[    0.004000] console [tty1] enabled
[    0.004000] console [ttyS0] enabled
[    0.004000] ACPI: Core revision 20170831
[    0.004000] ACPI: 2 ACPI AML tables successfully acquired and loaded
[    0.004000] APIC: Switch to symmetric I/O mode setup
[    0.004000] x2apic enabled
[    0.004000] Switched APIC routing to physical x2apic.
[    0.004000] ..TIMER: vector=0x30 apic1=0 pin1=2 apic2=-1 pin2=-1
[    0.004005] tsc: Detected 2712.062 MHz processor
[    0.004745] Calibrating delay loop (skipped) preset value.. 5424.12 BogoMIPS (lpj=10848248)
[    0.005268] pid_max: default: 32768 minimum: 301
[    0.008035] Security Framework initialized
[    0.008686] Yama: becoming mindful.
[    0.010117] AppArmor: AppArmor initialized
[    0.012166] Dentry cache hash table entries: 524288 (order: 10, 4194304 bytes)
[    0.014608] Inode-cache hash table entries: 262144 (order: 9, 2097152 bytes)
[    0.016030] Mount-cache hash table entries: 8192 (order: 4, 65536 bytes)
[    0.017997] Mountpoint-cache hash table entries: 8192 (order: 4, 65536 bytes)
[    0.020154] CPU: Physical Processor ID: 0
[    0.020811] mce: CPU supports 0 MCE banks
[    0.021460] process: using mwait in idle threads
[    0.022189] Last level iTLB entries: 4KB 64, 2MB 8, 4MB 8
[    0.023016] Last level dTLB entries: 4KB 64, 2MB 0, 4MB 0, 1GB 4
[    0.024003] Spectre V2 : Mitigation: Full generic retpoline
[    0.024853] Spectre V2 : Spectre v2 mitigation: Filling RSB on context switch
[    0.025921] Speculative Store Bypass: Vulnerable
[    0.040707] Freeing SMP alternatives memory: 36K
[    0.044000] smpboot: CPU0: Intel(R) Core(TM) i5-7300U CPU @ 2.60GHz (family: 0x6, model: 0x8e, stepping: 0x9)
[    0.044113] Performance Events: unsupported p6 CPU model 142 no PMU driver, software events only.
[    0.048051] Hierarchical SRCU implementation.
[    0.056464] NMI watchdog: Perf event create on CPU 0 failed with -2
[    0.060006] NMI watchdog: Perf NMI watchdog permanently disabled
[    0.061452] smp: Bringing up secondary CPUs ...
[    0.062508] smp: Brought up 1 node, 1 CPU
[    0.064005] smpboot: Max logical packages: 1
[    0.065006] smpboot: Total of 1 processors activated (5424.12 BogoMIPS)
[    0.067606] devtmpfs: initialized
[    0.068070] x86/mm: Memory block size: 128MB
[    0.076223] evm: security.selinux
[    0.080007] evm: security.SMACK64
[    0.084008] evm: security.SMACK64EXEC
[    0.088007] evm: security.SMACK64TRANSMUTE
[    0.092008] evm: security.SMACK64MMAP
[    0.096006] evm: security.apparmor
[    0.100007] evm: security.ima
[    0.104006] evm: security.capability
[    0.108135] clocksource: jiffies: mask: 0xffffffff max_cycles: 0xffffffff, max_idle_ns: 7645041785100000 ns
[    0.112023] futex hash table entries: 256 (order: 2, 16384 bytes)
[    0.116087] pinctrl core: initialized pinctrl subsystem
[    0.120144] RTC time: 18:49:48, date: 08/11/18
[    0.124092] NET: Registered protocol family 16
[    0.124870] audit: initializing netlink subsys (disabled)
[    0.125827] cpuidle: using governor ladder
[    0.126831] cpuidle: using governor menu
[    0.128063] ACPI: bus type PCI registered
[    0.129070] acpiphp: ACPI Hot Plug PCI Controller Driver version: 0.5
[    0.132007] audit: type=2000 audit(1534013392.881:1): state=initialized audit_enabled=0 res=1
[    0.134069] PCI: Using configuration type 1 for base access
[    0.137220] HugeTLB registered 2.00 MiB page size, pre-allocated 0 pages
[    0.139106] ACPI: Added _OSI(Module Device)
[    0.140032] ACPI: Added _OSI(Processor Device)
[    0.141109] ACPI: Added _OSI(3.0 _SCP Extensions)
[    0.142212] ACPI: Added _OSI(Processor Aggregator Device)
[    0.144042] ACPI: Added _OSI(Linux-Dell-Video)
[    0.145865] ACPI: Executed 1 blocks of module-level executable AML code
[    0.153121] ACPI: Interpreter enabled
[    0.154115] ACPI: (supports S0 S5)
[    0.154984] ACPI: Using IOAPIC for interrupt routing
[    0.156308] PCI: Using host bridge windows from ACPI; if necessary, use "pci=nocrs" and report a bug
[    0.159957] ACPI: Enabled 2 GPEs in block 00 to 07
[    0.167518] ACPI: PCI Root Bridge [PCI0] (domain 0000 [bus 00-ff])
[    0.168021] acpi PNP0A03:00: _OSC: OS supports [ASPM ClockPM Segments MSI]
[    0.169381] acpi PNP0A03:00: _OSC: not requesting OS control; OS requires [ExtendedConfig ASPM ClockPM MSI]
[    0.172021] acpi PNP0A03:00: fail to add MMCONFIG information, can't access extended PCI configuration space under this bridge.
[    0.176152] PCI host bridge to bus 0000:00
[    0.177351] pci_bus 0000:00: root bus resource [io  0x0000-0x0cf7 window]
[    0.179438] pci_bus 0000:00: root bus resource [io  0x0d00-0xffff window]
[    0.180010] pci_bus 0000:00: root bus resource [mem 0x000a0000-0x000bffff window]
[    0.181632] pci_bus 0000:00: root bus resource [mem 0xe0000000-0xfdffffff window]
[    0.182998] pci_bus 0000:00: root bus resource [bus 00-ff]
[    0.186302] pci 0000:00:01.1: legacy IDE quirk: reg 0x10: [io  0x01f0-0x01f7]
[    0.188011] pci 0000:00:01.1: legacy IDE quirk: reg 0x14: [io  0x03f6]
[    0.189127] pci 0000:00:01.1: legacy IDE quirk: reg 0x18: [io  0x0170-0x0177]
[    0.192003] pci 0000:00:01.1: legacy IDE quirk: reg 0x1c: [io  0x0376]
[    0.301427] pci 0000:00:07.0: quirk: [io  0x4000-0x403f] claimed by PIIX4 ACPI
[    0.304042] pci 0000:00:07.0: quirk: [io  0x4100-0x410f] claimed by PIIX4 SMB
[    0.337823] ACPI: PCI Interrupt Link [LNKA] (IRQs 5 9 10 *11)
[    0.340467] ACPI: PCI Interrupt Link [LNKB] (IRQs 5 9 *10 11)
[    0.344175] ACPI: PCI Interrupt Link [LNKC] (IRQs 5 *9 10 11)
[    0.348158] ACPI: PCI Interrupt Link [LNKD] (IRQs 5 9 10 *11)
[    0.349480] SCSI subsystem initialized
[    0.350290] pci 0000:00:02.0: vgaarb: setting as boot VGA device
[    0.351252] pci 0000:00:02.0: vgaarb: VGA device added: decodes=io+mem,owns=io+mem,locks=none
[    0.352011] pci 0000:00:02.0: vgaarb: bridge control possible
[    0.353610] vgaarb: loaded
[    0.356077] ACPI: bus type USB registered
[    0.357178] usbcore: registered new interface driver usbfs
[    0.360037] usbcore: registered new interface driver hub
[    0.361267] usbcore: registered new device driver usb
[    0.363517] EDAC MC: Ver: 3.0.0
[    0.364322] PCI: Using ACPI for IRQ routing
[    0.365324] NetLabel: Initializing
[    0.365919] NetLabel:  domain hash size = 128
[    0.366637] NetLabel:  protocols = UNLABELED CIPSOv4 CALIPSO
[    0.368063] NetLabel:  unlabeled traffic allowed by default
[    0.372250] clocksource: Switched to clocksource kvm-clock
[    0.393110] VFS: Disk quotas dquot_6.6.0
[    0.393878] VFS: Dquot-cache hash table entries: 512 (order 0, 4096 bytes)
[    0.395117] AppArmor: AppArmor Filesystem Enabled
[    0.396267] pnp: PnP ACPI init
[    0.398664] pnp: PnP ACPI: found 3 devices
[    0.406596] clocksource: acpi_pm: mask: 0xffffff max_cycles: 0xffffff, max_idle_ns: 2085701024 ns
[    0.416044] NET: Registered protocol family 2
[    0.417471] TCP established hash table entries: 32768 (order: 6, 262144 bytes)
[    0.419422] TCP bind hash table entries: 32768 (order: 7, 524288 bytes)
[    0.421276] TCP: Hash tables configured (established 32768 bind 32768)
[    0.427747] UDP hash table entries: 2048 (order: 4, 65536 bytes)
[    0.429250] UDP-Lite hash table entries: 2048 (order: 4, 65536 bytes)
[    0.431251] NET: Registered protocol family 1
[    0.432311] pci 0000:00:00.0: Limiting direct PCI/PCI transfers
[    0.434041] pci 0000:00:01.0: Activating ISA DMA hang workarounds
[    0.435474] pci 0000:00:02.0: Video device with shadowed ROM at [mem 0x000c0000-0x000dffff]
[    0.437341] Unpacking initramfs...
[    0.773706] Freeing initrd memory: 23404K
[    0.787670] PCI-DMA: Using software bounce buffering for IO (SWIOTLB)
[    0.814469] software IO TLB [mem 0xdbff0000-0xdfff0000] (64MB) mapped at [        (ptrval)-        (ptrval)]
[    0.848675] platform rtc_cmos: registered platform RTC device (no PNP device found)
[    0.850861] Scanning for low memory corruption every 60 seconds
[    0.852404] Initialise system trusted keyrings
[    0.853288] Key type blacklist registered
[    0.854128] workingset: timestamp_bits=36 max_order=20 bucket_order=0
[    0.857821] zbud: loaded
[    0.858833] squashfs: version 4.0 (2009/01/31) Phillip Lougher
[    0.860008] fuse init (API version 7.26)
[    0.863494] Key type asymmetric registered
[    0.864580] Asymmetric key parser 'x509' registered
[    0.865697] Block layer SCSI generic (bsg) driver version 0.4 loaded (major 246)
[    0.867196] io scheduler noop registered
[    0.868154] io scheduler deadline registered
[    0.869179] io scheduler cfq registered (default)
[    0.871126] ACPI: AC Adapter [AC] (off-line)
[    0.872143] input: Power Button as /devices/LNXSYSTM:00/LNXPWRBN:00/input/input0
[    0.874256] ACPI: Power Button [PWRF]
[    0.875235] input: Sleep Button as /devices/LNXSYSTM:00/LNXSLPBN:00/input/input1
[    0.876974] ACPI: Sleep Button [SLPF]
[    0.879013] ACPI: Battery Slot [BAT0] (battery present)
[    0.909934] Serial: 8250/16550 driver, 32 ports, IRQ sharing enabled
[    0.933937] 00:02: ttyS0 at I/O 0x3f8 (irq = 4, base_baud = 115200) is a 16550A
[    0.974874] Linux agpgart interface v0.103
[    0.995397] loop: module loaded
[    1.028038] scsi host0: ata_piix
[    1.055372] scsi host1: ata_piix
[    1.094273] ata1: PATA max UDMA/33 cmd 0x1f0 ctl 0x3f6 bmdma 0xd000 irq 14
[    1.139175] ata2: PATA max UDMA/33 cmd 0x170 ctl 0x376 bmdma 0xd008 irq 15
[    1.174705] libphy: Fixed MDIO Bus: probed
[    1.175358] tun: Universal TUN/TAP device driver, 1.6
[    1.176247] PPP generic driver version 2.4.2
[    1.176964] ehci_hcd: USB 2.0 'Enhanced' Host Controller (EHCI) Driver
[    1.177946] ehci-pci: EHCI PCI platform driver
[    1.178654] ehci-platform: EHCI generic platform driver
[    1.179462] ohci_hcd: USB 1.1 'Open' Host Controller (OHCI) Driver
[    1.180199] ohci-pci: OHCI PCI platform driver
[    1.181620] ohci-platform: OHCI generic platform driver
[    1.182432] uhci_hcd: USB Universal Host Controller Interface driver
[    1.188463] i8042: PNP: PS/2 Controller [PNP0303:PS2K,PNP0f03:PS2M] at 0x60,0x64 irq 1,12
[    1.204895] serio: i8042 KBD port at 0x60,0x64 irq 1
[    1.212474] serio: i8042 AUX port at 0x60,0x64 irq 12
[    1.213381] mousedev: PS/2 mouse device common for all mice
[    1.226855] input: AT Translated Set 2 keyboard as /devices/platform/i8042/serio0/input/input2
[    1.229010] rtc_cmos rtc_cmos: rtc core: registered rtc_cmos as rtc0
[    1.232107] rtc_cmos rtc_cmos: alarms up to one day, 114 bytes nvram
[    1.233099] i2c /dev entries driver
[    1.233734] device-mapper: uevent: version 1.0.3
[    1.234508] device-mapper: ioctl: 4.37.0-ioctl (2017-09-20) initialised: dm-devel@redhat.com
[    1.247794] ledtrig-cpu: registered to indicate activity on CPUs
[    1.262723] intel_pmc_core:  initialized
[    1.263542] NET: Registered protocol family 10
[    1.267447] Segment Routing with IPv6
[    1.268182] NET: Registered protocol family 17
[    1.268928] Key type dns_resolver registered
[    1.269753] RAS: Correctable Errors collector initialized.
[    1.270938] sched_clock: Marking stable (1268151702, 0)->(2301550808, -1033399106)
[    1.272235] registered taskstats version 1
[    1.278086] Loading compiled-in X.509 certificates
[    1.294044] Loaded X.509 cert 'Build time autogenerated kernel key: 83a24b0453c1c7015e385f44153c9d4e483baefd'
[    1.302633] zswap: loaded using pool lzo/zbud
[    1.306620] Key type big_key registered
[    1.318369] Key type trusted registered
[    1.320881] Key type encrypted registered
[    1.321949] AppArmor: AppArmor sha1 policy hashing enabled
[    1.324657] ima: No TPM chip found, activating TPM-bypass! (rc=-19)
[    1.326244] evm: HMAC attrs: 0x1
[    1.327145]   Magic number: 14:535:847
[    1.328140] rtc_cmos rtc_cmos: setting system clock to 2018-08-11 18:49:50 UTC (1534013390)
[    1.329817] BIOS EDD facility v0.16 2004-Jun-25, 0 devices found
[    1.331059] EDD information not available.
[    1.340853] Freeing unused kernel memory: 2408K
[    1.361386] Write protecting the kernel read-only data: 20480k
[    1.363245] Freeing unused kernel memory: 2008K
[    1.368471] Freeing unused kernel memory: 1904K
[    1.378039] x86/mm: Checked W+X mappings: passed, no W+X pages found.
[    1.379045] x86/mm: Checking user space page tables
[    1.389252] x86/mm: Checked W+X mappings: passed, no W+X pages found.
Loading, please wait...
starting version 237
[    1.520534] e1000: Intel(R) PRO/1000 Network Driver - version 7.3.21-k8-NAPI
[    1.542272] e1000: Copyright (c) 1999-2006 Intel Corporation.
[    1.551215] Fusion MPT base driver 3.04.20
[    1.552110] Copyright (c) 1999-2008 LSI Corporation
[    1.586808] AVX2 version of gcm_enc/dec engaged.
[    1.587940] AES CTR mode by8 optimization enabled
[    1.591978] Fusion MPT SPI Host driver 3.04.20
[    1.616295] mptbase: ioc0: Initiating bringup
[    1.741224] ioc0: LSI53C1030 A0: Capabilities={Initiator}
[    1.767532] input: ImExPS/2 Generic Explorer Mouse as /devices/platform/i8042/serio1/input/input4
[    1.856467] tsc: Refined TSC clocksource calibration: 2715.046 MHz
[    1.863734] clocksource: tsc: mask: 0xffffffffffffffff max_cycles: 0x2722c3b2501, max_idle_ns: 440795258448 ns
[    2.011145] scsi host2: ioc0: LSI53C1030 A0, FwRev=00000000h, Ports=1, MaxQ=256, IRQ=20
[    2.181415] scsi 2:0:0:0: Direct-Access     VBOX     HARDDISK         1.0  PQ: 0 ANSI: 5
[    2.202812] scsi target2:0:0: Beginning Domain Validation
[    2.214739] scsi target2:0:0: Domain Validation skipping write tests
[    2.223932] scsi target2:0:0: Ending Domain Validation
[    2.248448] scsi target2:0:0: asynchronous
[    2.249707] random: fast init done
[    2.252252] scsi 2:0:1:0: Direct-Access     VBOX     HARDDISK         1.0  PQ: 0 ANSI: 5
[    2.355857] scsi target2:0:1: Beginning Domain Validation
[    2.448363] scsi target2:0:1: Domain Validation skipping write tests
[    2.488093] scsi target2:0:1: Ending Domain Validation
[    2.602193] scsi target2:0:1: asynchronous
[    2.846222] sd 2:0:0:0: [sda] 41943040 512-byte logical blocks: (21.5 GB/20.0 GiB)
[    2.847846] sd 2:0:0:0: Attached scsi generic sg0 type 0
[    2.848810] sd 2:0:0:0: [sda] Write Protect is off
[    2.849974] sd 2:0:0:0: [sda] Incomplete mode parameter data
[    2.851726] sd 2:0:0:0: [sda] Assuming drive cache: write through
[    2.858323] sd 2:0:1:0: [sdb] 20480 512-byte logical blocks: (10.5 MB/10.0 MiB)
[    2.859740] sd 2:0:1:0: [sdb] Write Protect is off
[    2.861494] sd 2:0:1:0: Attached scsi generic sg1 type 0
[    2.862712] sd 2:0:1:0: [sdb] Incomplete mode parameter data
[    2.863717] sd 2:0:1:0: [sdb] Assuming drive cache: write through
[    2.865468] random: systemd-udevd: uninitialized urandom read (16 bytes read)
[    2.881085] random: systemd-udevd: uninitialized urandom read (16 bytes read)
[    2.957882] random: systemd-udevd: uninitialized urandom read (16 bytes read)
[    2.961766]  sda: sda1
[    2.962781] sd 2:0:0:0: [sda] Attached SCSI disk
[    2.963865] sd 2:0:1:0: [sdb] Attached SCSI disk
[    2.964689] random: systemd-udevd: uninitialized urandom read (16 bytes read)
[    2.965781] random: systemd-udevd: uninitialized urandom read (16 bytes read)
[    2.966871] random: systemd-udevd: uninitialized urandom read (16 bytes read)
[    2.968004] random: systemd-udevd: uninitialized urandom read (16 bytes read)
[    2.969415] e1000 0000:00:03.0 eth0: (PCI:33MHz:32-bit) 02:79:70:27:56:0f
[    2.970898] e1000 0000:00:03.0 eth0: Intel(R) PRO/1000 Network Connection
[    2.972134] random: systemd-udevd: uninitialized urandom read (16 bytes read)
[    2.973542] random: systemd-udevd: uninitialized urandom read (16 bytes read)
[    2.974623] random: systemd-udevd: uninitialized urandom read (16 bytes read)
[    2.983254] e1000 0000:00:03.0 enp0s3: renamed from eth0
Begin: Loading essential drivers ... [    4.481629] raid6: sse2x1   gen() 12431 MB/s
[    4.536131] raid6: sse2x1   xor()  8409 MB/s
[    4.584133] raid6: sse2x2   gen() 14095 MB/s
[    4.672626] raid6: sse2x2   xor()  9871 MB/s
[    4.756129] raid6: sse2x4   gen() 16155 MB/s
[    4.821120] raid6: sse2x4   xor() 10082 MB/s
[    4.916122] raid6: avx2x1   gen() 22979 MB/s
[    4.972645] raid6: avx2x1   xor() 12923 MB/s
[    5.021117] raid6: avx2x2   gen() 28398 MB/s
[    5.112615] raid6: avx2x2   xor() 17715 MB/s
[    5.252108] raid6: avx2x4   gen() 32531 MB/s
[    5.361107] raid6: avx2x4   xor() 19451 MB/s
[    5.445333] raid6: using algorithm avx2x4 gen() 32531 MB/s
[    5.545215] raid6: .... xor() 19451 MB/s, rmw enabled
[    5.575803] raid6: using avx2x2 recovery algorithm
[    5.578158] xor: automatically using best checksumming function   avx       
[    5.605833] async_tx: api initialized (async)
done.
Begin: Running /scripts/init-premount ... done.
Begin: Mounting root file system ... Begin: Running /scripts/local-top ... done.
Begin: Running /scripts/local-premount ... [    5.723144] Btrfs loaded, crc32c=crc32c-intel
Scanning for Btrfs filesystems
done.
Warning: fsck [    5.767584] EXT4-fs (sda1): mounted filesystem with ordered data mode. Opts: (null)
not present, so skipping root file system
done.
Begin: Running /scripts/local-bottom ... done.
Begin: Running /scripts/init-bottom ... done.
[    6.066522] ip_tables: (C) 2000-2006 Netfilter Core Team
[    6.085005] systemd[1]: systemd 237 running in system mode. (+PAM +AUDIT +SELINUX +IMA +APPARMOR +SMACK +SYSVINIT +UTMP +LIBCRYPTSETUP +GCRYPT +GNUTLS +ACL +XZ +LZ4 +SECCOMP +BLKID +ELFUTILS +KMOD -IDN2 +IDN -PCRE2 default-hierarchy=hybrid)
[    6.150020] systemd[1]: Detected virtualization oracle.
[    6.242092] systemd[1]: Detected architecture x86-64.

Welcome to [1mUbuntu 18.04 LTS[0m!

[    6.292798] systemd[1]: Set hostname to <ubuntu-bionic>.
[    6.612649] systemd[1]: Started Forward Password Requests to Wall Directory Watch.
[[0;32m  OK  [0m] Started Forward Password Requests to Wall Directory Watch.
[    6.737353] systemd[1]: Reached target Swap.
[[0;32m  OK  [0m] Reached target Swap.
[    6.815711] systemd[1]: Reached target User and Group Name Lookups.
[[0;32m  OK  [0m] Reached target User and Group Name Lookups.
[    6.956111] systemd[1]: Reached target System Time Synchronized.
[[0;32m  OK  [0m] Reached target System Time Synchronized.
[    7.059296] systemd[1]: Set up automount Arbitrary Executable File Formats File System Automount Point.
[[0;32m  OK  [0m] Set up automount Arbitrary Executabâ€¦rmats File System Automount Point.
[    7.064507] systemd[1]: Created slice System Slice.
[[0;32m  OK  [0m] Created slice System Slice.
[[0;32m  OK  [0m] Listening on Journal Socket (/dev/log).
[[0;32m  OK  [0m] Listening on Network Service Netlink Socket.
[[0;32m  OK  [0m] Listening on Journal Socket.
[[0;32m  OK  [0m] Listening on LVM2 metadata daemon socket.
[[0;32m  OK  [0m] Created slice system-serial\x2dgetty.slice.
[[0;32m  OK  [0m] Listening on LVM2 poll daemon socket.
         Mounting POSIX Message Queue File System...
[[0;32m  OK  [0m] Listening on /dev/initctl Compatibility Named Pipe.
[[0;32m  OK  [0m] Listening on Device-mapper event daemon FIFOs.
         Starting Monitoring of LVM2 mirrorsâ€¦ng dmeventd or progress polling...
         Starting Load Kernel Modules...
[[0;32m  OK  [0m] Listening on udev Control Socket.
         Starting Remount Root and Kernel File Systems...
[[0;32m  OK  [0m] Listening on udev Kernel Socket.
         Starting Uncomplicated firewall...
[[0;32m  OK  [0m] Listening on [    7.173236] lp: driver loaded but no devices found
Journal Audit So[    7.185832] EXT4-fs (sda1): re-mounted. Opts: (null)
cket.
[[0;32m  OK  [0m] Listening on Syslog Socket.
         Starting Set the console keyboar[    7.249186] ppdev: user-space parallel port driver
d layout...
[[0;32m  OK  [0m] Created slice User and Session Slice.
[[0;32m  OK  [0m] Reached target Slices.
         Starting udev Coldplug all Devices...
         Starting Create list of required stâ€¦ce nodes for the current kernel...
         Mounting Kernel Debug File System...
         Starting Journal[    7.298179] Loading iSCSI transport class v2.0-870.
 Service...
         Mounting Huge Pa[    7.457921] iscsi: registered transport (tcp)
ges File System...
[[0;32m  OK  [0m] Started Journal Service.
[[0;32m  OK  [0m] Mounted POSIX Message Queue File System.
[    7.530485] iscsi: registered transport (iser)
[[0;32m  OK  [0m] Started Remount Root and Kernel File Systems.
[[0;32m  OK  [0m] Started Uncomplicated firewall.
[[0;32m  OK  [0m] Started Create list of required staâ€¦vice nodes for the current kernel.
[[0;32m  OK  [0m] Mounted Kernel Debug File System.
[[0;32m  OK  [0m] Mounted Huge Pages File System.
[[0;32m  OK  [0m] Started LVM2 metadata daemon.
         Starting Create Static Device Nodes in /dev...
         Starting Initial cloud-init job (pre-networking)...
         Starting Load/Save Random Seed...
         Starting Flush Journal to Persistent Storage...
[[0;32m  OK  [0m] Started Create Static Device Nodes in /dev.
         Starting udev Kernel Device Manager...
[    7.688981] random: crng init done
[[0;32m  OK  [0m] Started Monitoring of LVM2 mirrors,â€¦sing dmeventd or progress polling.
[[0;32m  OK  [0m] Started Load Kernel Modules.
[[0;32m  OK  [0m] Started Load/Save Random Seed.
         Starting Apply Kernel Variables...
         Mounting Kernel Configuration File System...
         Mounting FUSE Control File System...
[[0;32m  OK  [0m] Started Set the console keyboard layout.
[[0;32m  OK  [0m] Started udev Coldplug all Devices.
[[0;32m  OK  [0m] Mounted Kernel Configuration File System.
[[0;32m  OK  [0m] Mounted FUSE Control File System.
[[0;32m  OK  [0[    7.910617] systemd-journald[406]: Received request to flush runtime journal from PID 1
m] Reached target Local File Systems (Pre).
         Mounting Mount unit for vscode, revision 46...
         Mounting Mount unit for pycharm-community, revision 76...
         Mounting Mount unit for pycharm-community, revision 74...
         Mounting Mount unit for core...
         Mounting Mount unit for core, revision 5145...
[[0;32m  OK  [0m] Reached target Local File Systems.
         Starting AppArmor initialization...
         Starting Tell Plymouth To Write Out Runtime Data...
         Starting Set console font and keymap...
         Starting Clean up any mess left by 0dns-up...
         Starting ebtables ruleset management...
[[0;32m  OK  [0m] Started udev Kernel Device Manager.
[[0;32m  OK  [0m] Started Apply Kernel Variables.
[[0;32m  OK  [0m] Mounted Mount unit for vscode, revision 46.
[[0;32m  OK  [0m] Mounted Mount unit for pycharm-community, revision 76.
[[0;32m  OK  [0m] Mounted Mount unit for pycharm-community, revision 74.
[[0;32m  OK  [0m] Mounted Mount unit for core.
[[0;32m  OK  [0m] Mounted Mount unit for core, revision 5145.
[[0;32m  OK  [0m] Started Tell Plymouth To Write Out Runtime Data.
[[0;32m  OK  [0m] Started Set console font and keymap.
[[0;32m  OK  [0m] Started Dispatch Password Requests to Console Directory Watch.
[[0;32m  OK  [0m] Reached target Local Encrypted Volumes.
[[0;32m  OK  [0m] Started Clean up any mess left by 0dns-up.
[[0;32m  OK  [0m] Started ebtables ruleset management.
[[0;32m  OK  [0m] Started Flush Journal to Persistent Storage.
         Starting Create Volatile Files and Directories...
[[0;32m  OK  [0m] Started Create Volatile Files and Directories.
         Starting Update UTMP about System Boot/Shutdown...
[[0;32m  OK  [0m] Started Update UTMP about System Boot/Shutdown.
[[0;32m  OK  [0m] Found device /dev/ttyS0.
[[0;32m  OK  [0m] Started AppArmor initialization.
[[0;32m  OK  [0m] Listening on Load/Save RF Kill Switch Status /dev/rfkill Watch.
[   11.075677] cloud-init[425]: Cloud-init v. 18.2 running 'init-local' at Sat, 11 Aug 2018 18:49:59 +0000. Up 10.58 seconds.
[[0;32m  OK  [0m] Started Initial cloud-init job (pre-networking).
[[0;32m  OK  [0m] Reached target Network (Pre).
         Starting Raise network interfaces...
         Starting Network Service...
[[0;32m  OK  [0m] Started Network Service.
         Starting Network Name Resolution...
         Starting Wait for Network to be Configured...
[[0;32m  OK  [0m] Started Network Name Resolution.
[[0;32m  OK  [0m] Reached target Host and Network Name Lookups.
[[0;32m  OK  [0m] Started Raise network interfaces.
[[0;32m  OK  [0m] Started Wait for Network to be Configured.
         Starting Initial cloud-init job (metadata service crawler)...
[   14.008136] cloud-init[846]: Cloud-init v. 18.2 running 'init' at Sat, 11 Aug 2018 18:50:02 +0000. Up 13.52 seconds.
[[0;32m  OK  [0m] Started Initial cloud-init job (metadata service crawler).
[[0;32m  OK  [0m] Reached target System Initialization.
[   14.111674] cloud-init[846]: ci-info: ++++++++++++++++++++++++++++++++++++++Net device info++++++++++++++++++++++++++++++++++++++
[   14.304753] cloud-init[846]: ci-info: +--------+------+----------------------------+---------------+--------+-------------------+
[[0;32m  OK  [0m] Started Daily Cleanup of Temporary Directories.[   14.384442] cloud-init[846]: ci-info: | Device |  Up  |          Address           |      Mask     | Scope  |     Hw-Address    |

[[0;32m  OK  [0m] Listening on ACPID Listen Socket.
         Starting Socket activation for snappy daemon.[   14.393915] cloud-init[846]: ci-info: +--------+------+----------------------------+---------------+--------+-------------------+
[[0;32m  OK  [0m] Listening on UUID daemon activation socket.

[   14.401564] cloud-init[846]: ci-info: | enp0s3 | True |         10.0.2.15          | 255.255.255.0 | global | 02:79:70:27:56:0f |[[0;32m  OK  [0m] Started Daily apt download activities.
         Starting Docker Socket for the API.
         Starting LXD - unix socket.
[[0;32m  OK  [0m] Listening on D-Bus System Message Bus Socket.
[[0;32m  OK  [0m] Started Discard unused blocks once a week.
[[0;32m  OK  [0m] Started CUPS Scheduler.
[[0;32m  OK  [0m] Started Message of the Day.
[[0;32m  OK  [0m] Started ACPI Events Check.
[[0;32m  OK  [0m] Reached target Paths.
[[0;32m  OK  [0m] Started Daily apt upgrade and clean activities.
[[0;32m  OK  [0m] Started Trigger anacron every hour.
[[0;32m  OK  [0m] Listening on CUPS Scheduler.
[[0;32m  OK  [0m] Reached target Timers.
[[0;32m  OK  [0m] Listening on Avahi mDNS/DNS-SD Stack Activation Socket.
[[0;32m  OK  [0m] Reached target Cloud-config availability.
[[0;32m  OK  [0m] Listening on Socket activation for snappy daemon.
[[0;32m  OK  [0m] Listening on Docker Socket for the API.
[[0;32m  OK  [0m] Listening on LXD - unix socket.
[[0;32m  OK  [0m] Reached target Sockets.
[[0;32m  OK  [0m] Reached target Basic System.
         Starting Modem Manager...

[[   14.454494] cloud-init[846]: ci-info: | enp0s3 | True | fe80::79:70ff:fe27:560f/64 |       .       |  link  | 02:79:70:27:56:0f |
[   14.454968] cloud-init[846]: ci-info: |   lo   | True |         127.0.0.1          |   255.0.0.0   |  host  |         .         |
[   14.455049] cloud-init[846]: ci-info: |   lo   | True |          ::1/128           |       .       |  host  |         .         |
[   14.455117] cloud-init[846]: ci-info: +--------+------+----------------------------+---------------+--------+-------------------+
[   14.455157] cloud-init[846]: ci-info: ++++++++++++++++++++++++++++Route IPv4 info+++++++++++++++++++++++++++++
[   14.455200] cloud-init[846]: ci-info: +-------+-------------+----------+-----------------+-----------+-------+
[   14.455240] cloud-init[846]: ci-info: | Route | Destination | Gateway  |     Genmask     | Interface | Flags |
[   14.455290] cloud-init[846]: ci-info: +-------+-------------+----------+-----------------+-----------+-------+
[   14.455335] cloud-init[846]: ci-info: |   0   |   0.0.0.0   | 10.0.2.2 |     0.0.0.0     |   enp0s3  |   UG  |
[   14.455378] cloud-init[846]: ci-info: |   1   |   10.0.2.0  | 0.0.0.0  |  255.255.255.0  |   enp0s3  |   U   |
[   14.455443] cloud-init[846]: ci-info: |   2   |   10.0.2.2  | 0.0.0.0  | 255.255.255.255 |   enp0s3  |   UH  |
[   14.455484] cloud-init[846]: ci-info: +-------+-------------+----------+-----------------+-----------+-------+
[   14.455526] cloud-init[846]: ci-info: +++++++++++++++++++Route IPv6 info+++++++++++++++++++
[   14.455571] cloud-init[846]: ci-info: +-------+-------------+---------+-----------+-------+
[   14.455618] cloud-init[846]: ci-info: | Route | Destination | Gateway | Interface | Flags |
[   14.455658] cloud-init[846]: ci-info: +-------+-------------+---------+-----------+-------+
[   14.455697] cloud-init[846]: ci-info: |   1   |  fe80::/64  |    ::   |   enp0s3  |   U   |
[   14.455739] cloud-init[846]: ci-info: |   3   |    local    |    ::   |   enp0s3  |   U   |
[   14.456090] cloud-init[846]: ci-info: |   4   |   ff00::/8  |    ::   |   enp0s3  |   U   |
[   14.456137] cloud-init[846]: ci-info: +-------+-------------+---------+-----------+-------+
[0;32m  OK  [0m] Started D-Bus System Message Bus.
[[0;32m  OK  [0m] Started ACPI event daemon.
[[0;32m  OK  [0m] Started irqbalance daemon.
[[0;32m  OK  [0m] Started FUSE filesystem for LXC.
         Starting System Logging Service...
         Starting Accounts Service...
         Starting WPA supplicant...
[[0;32m  OK  [0m] Started CUPS Scheduler.
         Starting Network Manager...
         Starting Avahi mDNS/DNS-SD Stack...
         Starting Disk Manager...
         Starting Snappy daemon...
[[0;32m  OK  [0m] Started Regular background program processing daemon.
         Starting Detect the available GPUs and deal with any system changes...
         Starting LXD - container startup/shutdown...
         Starting Login Service...
         Starting LSB: Record successful boot for GRUB...
         Starting vboxadd.service...
         Starting Restore /etc/resolv.conf iâ€¦fore the ppp link was shut down...
[[0;32m  OK  [0m] Started Deferred execution scheduler.
         Starting Dispatcher daemon for systemd-networkd...
[[0;32m  OK  [0m] Started System Logging Service.
[[0;32m  OK  [0m] Started Detect the available GPUs and deal with any system changes.
[[0;32m  OK  [0m] Started Restore /etc/resolv.conf ifâ€¦before the ppp link was shut down.
[[0;32m  OK  [0m] Started WPA supplicant.
[[0;32m  OK  [0m] Started Avahi mDNS/DNS-SD Stack.
[[0;32m  OK  [0m] Started Login Service.
         Starting Hostname Service...
[[0;32m  OK  [0m] Started Make remote CUPS printers available locally.
         Starting Authorization Manager...
[[0;32m  OK  [0m] Started Authorization Manager.
[[0;32m  OK  [0m] Started Accounts Service.
[[0;32m  OK  [0m] Started Hostname Service.
[[0;32m  OK  [0m] Started Network Manager.
         Starting Network Manager Script Dispatcher Service...
[[0;32m  OK  [0m] Reached target Network.
         Starting Network Manager Wait Online...
[[0;32m  OK  [0m] Started Modem Manager.
[[0;32m  OK  [0m] Started Network Manager Script Dispatcher Service.
[[0;32m  OK  [0m] Started Disk Manager.
[[0;32m  OK  [0m] Started LSB: Record successful boot for GRUB.
[[0;32m  OK  [0m] Started LXD - container startup/shutdown.
[[0;32m  OK  [0m] Started Network Manager Wait Online.
[[0;32m  OK  [0m] Reached target Network is Online.
[[0;32m  OK  [0m] Started crash report submission daemon.
         Starting OpenBSD Secure Shell server...
         Starting iSCSI initiator daemon (iscsid)...
         Starting Apply the settings specified in cloud-config...
         Starting Ubuntu FAN network setup...
[[0;32m  OK  [0m] Started OpenBSD Secure Shell server.
[[0;32m  OK  [0m] Started vboxadd.service.
         Starting vboxadd-service.service...
[[0;32m  OK  [0m] Started iSCSI initiator daemon (iscsid).
         Starting Availability of block devices...
[[0;32m  OK  [0m] Reached target Remote File Systems (Pre).
[[0;32m  OK  [0m] Reached target Remote File Systems.
         Starting Tool to automatically collâ€¦ submit kernel crash signatures...
         Starting LSB: automatic crash report generation...
         Starting Permit User Sessions...
         Starting LSB: Speech Dispatcher...
[[0;32m  OK  [0m] Started Dispatcher daemon for systemd-networkd.
[[0;32m  OK  [0m] Started Ubuntu FAN network setup.
[[0;32m  OK  [0m] Started vboxadd-service.service.
[[0;32m  OK  [0m] Started Availability of block devices.
[[0;32m  OK  [0m] Started Permit User Sessions.
[[0;32m  OK  [0m] Started Tool to automatically colleâ€¦nd submit kernel crash signatures.
         Starting Hold until boot process finishes up...
         Starting GNOME Display Manager...
[[0;32m  OK  [0m] Started Hold until boot process finishes up.
         Starting Set console scheme...
[[0;32m  OK  [0m] Started Serial Getty on ttyS0.
[[0;32m  OK  [0m] Reached target Login Prompts.
[[0;32m  OK  [0m] Started LSB: Speech Dispatcher.
[[0;32m  OK  [0m] Started Set console scheme.
[[0;32m  OK  [0m] Created slice system-getty.slice.
[[0;32m  OK  [0m] Started LSB: automatic crash report generation.
[[0;32m  OK  [0m] Started GNOME Display Manager.
[[0;32m  OK  [0m] Started Snappy daemon.
         Starting Wait until snapd is fully seeded...
[[0;32m  OK  [0m] Created slice User Slice of gdm.
[[0;32m  OK  [0m] Started Wait until snapd is fully seeded.
         Starting User Manager for UID 119...
[[0;32m  OK  [0m] Reached target Multi-User System.
[[0;32m  OK  [0m] Reached target Graphical Interface.
         Starting Update UTMP about System Runlevel Changes...
[[0;32m  OK  [0m] Started Session c1 of user gdm.
[[0;32m  OK  [0m] Started User Manager for UID 119.
[[0;32m  OK  [0m] Started Update UTMP about System Runlevel Changes.
[[0;32m  OK  [0m] Created slice User Slice of vagrant.
         Starting User Manager for UID 1000...
[[0;32m  OK  [0m] Started Session 2 of user vagrant.
[[0;32m  OK  [0m] Started User Manager for UID 1000.
         Starting Daemon for power management...
[[0;32m  OK  [0m] Started Daemon for power management.
[   18.877985] cloud-init[1081]: Cloud-init v. 18.2 running 'modules:config' at Sat, 11 Aug 2018 18:50:07 +0000. Up 18.36 seconds.
[[0;32m  OK  [0m] Started Apply the settings specified in cloud-config.
         Starting Execute cloud user/final scripts...
         Starting RealtimeKit Scheduling Policy Service...
[[0;32m  OK  [0m] Started RealtimeKit Scheduling Policy Service.
[   20.972564] cloud-init[1423]: Cloud-init v. 18.2 running 'modules:final' at Sat, 11 Aug 2018 18:50:09 +0000. Up 20.52 seconds.
[   21.016553] cloud-init[1423]: Cloud-init v. 18.2 finished at Sat, 11 Aug 2018 18:50:10 +0000. Datasource DataSourceNoCloud [seed=/dev/sdb][dsmode=net].  Up 20.94 seconds
[[0;32m  OK  [0m] Started Execute cloud user/final scripts.
         Starting Locale Service...
[[0;32m  OK  [0m] Reached target Cloud-init target.
[[0;32m  OK  [0m] Started Locale Service.

Ubuntu 18.04 LTS ubuntu-bionic ttyS0

ubuntu-bionic login: 